mysql> create table Emp(
    -> ID int,
    -> Name varchar(20),
    -> Age int,
    -> Address varchar(20),
    -> Salary int
    -> );
Query OK, 0 rows affected (1.30 sec)

mysql> insert into Emp(ID,Name,Age,Address,Salary)values('1','ID','Name','Age','Address','Salary');
ERROR 1136 (21S01): Column count doesn't match value count at row 1
mysql> insert into Emp(ID,Name,Age,Address,Salary)values('1','Ramesh','23','Allahabad','20000');
Query OK, 1 row affected (0.18 sec)

mysql> insert into Emp(ID,Name,Age,Address,Salary)values('2','Raju','24','Ameerpet','22000');
Query OK, 1 row affected (0.26 sec)

mysql> insert into Emp(ID,Name,Age,Address,Salary)values('3','Rani','25','Khamam','25000');
Query OK, 1 row affected (0.07 sec)

mysql> insert into Emp(ID,Name,Age,Address,Salary)values('4','Ray','21','Khasmir','26000');
Query OK, 1 row affected (0.23 sec)

mysql> insert into Emp(ID,Name,Age,Address,Salary)values('5','Raj','19','Kasi','23000');
Query OK, 1 row affected (0.06 sec)

mysql> insert into Emp(ID,Name,Age,Address,Salary)values('6','Rajesh','23','Kandlur','28000');
Query OK, 1 row affected (0.21 sec)

mysql> select*from Emp;
+------+--------+------+-----------+--------+
| ID   | Name   | Age  | Address   | Salary |
+------+--------+------+-----------+--------+
|    1 | Ramesh |   23 | Allahabad |  20000 |
|    2 | Raju   |   24 | Ameerpet  |  22000 |
|    3 | Rani   |   25 | Khamam    |  25000 |
|    4 | Ray    |   21 | Khasmir   |  26000 |
|    5 | Raj    |   19 | Kasi      |  23000 |
|    6 | Rajesh |   23 | Kandlur   |  28000 |
+------+--------+------+-----------+--------+
6 rows in set (0.00 sec)
DECLARE  
   c_id customers.id%type;  
   c_name customers.name%type;  
   c_addr customers.address%type;  
   CURSOR c_customers is  
      SELECT id, name, address FROM customers;  
BEGIN  
   OPEN c_customers;  
   LOOP  
      FETCH c_customers into c_id, c_name, c_addr;  
      EXIT WHEN c_customers%notfound;  
      dbms_output.put_line(c_id || ' ' || c_name || ' ' || c_addr);  
   END LOOP;  
   CLOSE c_customers;  
END;  
/  

1  Ramesh  Allahabad
2  Suresh  Kanpur
3  Mahesh  Ghaziabad
4  Chandan  Noida
5  Alex  Paris
6  Sunita  Delhi
PL/SQL procedure successfully completed. 

mysql> create table Emp(
    -> ID int,
    -> Name varchar(20),
    -> Age int,
    -> Address varchar(20),
    -> Salary int
    -> );
Query OK, 0 rows affected (1.30 sec)

mysql> insert into Emp(ID,Name,Age,Address,Salary)values('1','ID','Name','Age','Address','Salary');
ERROR 1136 (21S01): Column count doesn't match value count at row 1
mysql> insert into Emp(ID,Name,Age,Address,Salary)values('1','Ramesh','23','Allahabad','20000');
Query OK, 1 row affected (0.18 sec)

mysql> insert into Emp(ID,Name,Age,Address,Salary)values('2','Raju','24','Ameerpet','22000');
Query OK, 1 row affected (0.26 sec)

mysql> insert into Emp(ID,Name,Age,Address,Salary)values('3','Rani','25','Khamam','25000');
Query OK, 1 row affected (0.07 sec)

mysql> insert into Emp(ID,Name,Age,Address,Salary)values('4','Ray','21','Khasmir','26000');
Query OK, 1 row affected (0.23 sec)

mysql> insert into Emp(ID,Name,Age,Address,Salary)values('5','Raj','19','Kasi','23000');
Query OK, 1 row affected (0.06 sec)

mysql> insert into Emp(ID,Name,Age,Address,Salary)values('6','Rajesh','23','Kandlur','28000');
Query OK, 1 row affected (0.21 sec)

mysql> select*from Emp;
+------+--------+------+-----------+--------+
| ID   | Name   | Age  | Address   | Salary |
+------+--------+------+-----------+--------+
|    1 | Ramesh |   23 | Allahabad |  20000 |
|    2 | Raju   |   24 | Ameerpet  |  22000 |
|    3 | Rani   |   25 | Khamam    |  25000 |
|    4 | Ray    |   21 | Khasmir   |  26000 |
|    5 | Raj    |   19 | Kasi      |  23000 |
|    6 | Rajesh |   23 | Kandlur   |  28000 |
+------+--------+------+-----------+--------+
6 rows in set (0.00 sec)

DECLARE   
   total_rows number(2);  
BEGIN  
   UPDATE  customers  
   SET salary = salary + 5000;  
   IF sql%notfound THEN  
      dbms_output.put_line('no customers updated');  
   ELSIF sql%found THEN  
      total_rows := sql%rowcount;  
      dbms_output.put_line( total_rows || ' customers updated ');  
   END IF;   
END;  
/  

6 customers updated
PL/SQL procedure successfully completed.
